// Jest Snapshot v1, https://goo.gl/fbAQLP

exports[`renders homepage unchanged 1`] = `
<div
  className="container"
>
  <nav>
    <ul>
      <li>
        Home
      </li>
    </ul>
  </nav>
  <main>
    <h1
      className="title"
    >
      Welcome to Docker CI - CD? may be :)
    </h1>
  </main>
</div>
`;
